# Just a comment.

## This is fine.
##
## More stuff here.

#
const a = 1;

public type A = B; # Should stay here.

public type A = unit {}; # Should stay here.
public type A = struct {}; # Should stay here.

function f() {} # Should stay here.

if (True) # Should stay here.
    1;

 type X = unit {
    switch (a) {

        # Comment
        cond -> A: uint8;

        # Comment
    };
};
