if (1)
    1;

if (1) {
    1;
}

for (i in [1, 2, 3]) {
    print i;
}

for (i in [1, 2, 3])
    print i;

while (1) ;
while (1) {
    print 1;
    break;
}

if (1 in [1, 2, 3])
    print 1;

if (1 !in [1, 2, 3])
    print 1;

switch (1) {
    case 1: "a";
    case 2:
        # Comment.
        "b";
    case 3, 4:
        "c";
    case 5: {
        "d";
    }
    case 6: { "e"; }
}

switch (local x = 1) {
    case 1: {}
}

throw "yikes";
